// Jest Snapshot v1, https://goo.gl/fbAQLP

exports[`ONS Upload Test matches Snapshot 1`] = `ShallowWrapper {}`;
