// Jest Snapshot v1, https://goo.gl/fbAQLP

exports[`Reinstall questionnaires list view Blaise Status page matches Snapshot 1`] = `
Object {
  "asFragment": [Function],
  "baseElement": <body>
    <div>
      <nav
        aria-label="Breadcrumb"
        class="ons-breadcrumb"
      >
        <ol
          class="ons-breadcrumb__items u-fs-s"
        >
          <li
            class="ons-breadcrumb__item"
            id="breadcrumb-0"
          >
            <a
              class="ons-breadcrumb__link"
              href="/"
            >
              Home
            </a>
            <svg
              class="ons-svg-icon"
              focusable="false"
              viewBox="0 0 8 13"
              xmlns="http://www.w3.org/2000/svg"
            >
              <path
                d="M5.74,14.28l-.57-.56a.5.5,0,0,1,0-.71h0l5-5-5-5a.5.5,0,0,1,0-.71h0l.57-.56a.5.5,0,0,1,.71,0h0l5.93,5.93a.5.5,0,0,1,0,.7L6.45,14.28a.5.5,0,0,1-.71,0Z"
                transform="translate(-5.02 -1.59)"
              />
            </svg>
          </li>
          <li
            class="ons-breadcrumb__item"
            id="breadcrumb-1"
          >
            <a
              class="ons-breadcrumb__link"
              href="/upload"
            >
              Deploy a questionnaire
            </a>
            <svg
              class="ons-svg-icon"
              focusable="false"
              viewBox="0 0 8 13"
              xmlns="http://www.w3.org/2000/svg"
            >
              <path
                d="M5.74,14.28l-.57-.56a.5.5,0,0,1,0-.71h0l5-5-5-5a.5.5,0,0,1,0-.71h0l.57-.56a.5.5,0,0,1,.71,0h0l5.93,5.93a.5.5,0,0,1,0,.7L6.45,14.28a.5.5,0,0,1-.71,0Z"
                transform="translate(-5.02 -1.59)"
              />
            </svg>
          </li>
        </ol>
      </nav>
      <main
        class="ons-page__main ons-u-mt-no"
        id="main-content"
      >
        <h1
          class="ons-u-mb-l"
        >
          Reinstall questionnaire
        </h1>
        <p>
          Reinstall a previously uploaded questionnaire.
          <br />
          This will always deploy the last uploaded version of the questionnaire.
        </p>
        <div
          class="elementToFadeIn"
        >
          <form>
            <fieldset
              class="ons-fieldset"
            >
              <legend
                class="ons-fieldset__legend"
              >
                Select a questionnaire to install
              </legend>
              <div
                class="ons-radios__items"
              >
                <p
                  class="ons-radios__item"
                >
                  <span
                    class="ons-radio"
                  >
                    <input
                      aria-label="No"
                      class="ons-radio__input ons-js-radio "
                      id="install-OPN2004A.bpkg"
                      name="select-survey"
                      type="radio"
                      value="OPN2004A.bpkg"
                    />
                    <label
                      class="ons-radio__label "
                      for="install-OPN2004A.bpkg"
                    >
                      OPN2004A.bpkg
                    </label>
                  </span>
                </p>
                <br />
                <p
                  class="ons-radios__item"
                >
                  <span
                    class="ons-radio"
                  >
                    <input
                      aria-label="No"
                      class="ons-radio__input ons-js-radio "
                      id="install-LMS2101_BK2.bpkg"
                      name="select-survey"
                      type="radio"
                      value="LMS2101_BK2.bpkg"
                    />
                    <label
                      class="ons-radio__label "
                      for="install-LMS2101_BK2.bpkg"
                    >
                      LMS2101_BK2.bpkg
                    </label>
                  </span>
                </p>
                <br />
              </div>
            </fieldset>
            <br />
            <button
              class="ons-btn "
              data-testid="button"
              id="confirm-install"
              type="button"
            >
              <span
                class="ons-btn__inner"
              >
                Install selected questionnaire
              </span>
            </button>
          </form>
        </div>
      </main>
    </div>
  </body>,
  "container": <div>
    <nav
      aria-label="Breadcrumb"
      class="ons-breadcrumb"
    >
      <ol
        class="ons-breadcrumb__items u-fs-s"
      >
        <li
          class="ons-breadcrumb__item"
          id="breadcrumb-0"
        >
          <a
            class="ons-breadcrumb__link"
            href="/"
          >
            Home
          </a>
          <svg
            class="ons-svg-icon"
            focusable="false"
            viewBox="0 0 8 13"
            xmlns="http://www.w3.org/2000/svg"
          >
            <path
              d="M5.74,14.28l-.57-.56a.5.5,0,0,1,0-.71h0l5-5-5-5a.5.5,0,0,1,0-.71h0l.57-.56a.5.5,0,0,1,.71,0h0l5.93,5.93a.5.5,0,0,1,0,.7L6.45,14.28a.5.5,0,0,1-.71,0Z"
              transform="translate(-5.02 -1.59)"
            />
          </svg>
        </li>
        <li
          class="ons-breadcrumb__item"
          id="breadcrumb-1"
        >
          <a
            class="ons-breadcrumb__link"
            href="/upload"
          >
            Deploy a questionnaire
          </a>
          <svg
            class="ons-svg-icon"
            focusable="false"
            viewBox="0 0 8 13"
            xmlns="http://www.w3.org/2000/svg"
          >
            <path
              d="M5.74,14.28l-.57-.56a.5.5,0,0,1,0-.71h0l5-5-5-5a.5.5,0,0,1,0-.71h0l.57-.56a.5.5,0,0,1,.71,0h0l5.93,5.93a.5.5,0,0,1,0,.7L6.45,14.28a.5.5,0,0,1-.71,0Z"
              transform="translate(-5.02 -1.59)"
            />
          </svg>
        </li>
      </ol>
    </nav>
    <main
      class="ons-page__main ons-u-mt-no"
      id="main-content"
    >
      <h1
        class="ons-u-mb-l"
      >
        Reinstall questionnaire
      </h1>
      <p>
        Reinstall a previously uploaded questionnaire.
        <br />
        This will always deploy the last uploaded version of the questionnaire.
      </p>
      <div
        class="elementToFadeIn"
      >
        <form>
          <fieldset
            class="ons-fieldset"
          >
            <legend
              class="ons-fieldset__legend"
            >
              Select a questionnaire to install
            </legend>
            <div
              class="ons-radios__items"
            >
              <p
                class="ons-radios__item"
              >
                <span
                  class="ons-radio"
                >
                  <input
                    aria-label="No"
                    class="ons-radio__input ons-js-radio "
                    id="install-OPN2004A.bpkg"
                    name="select-survey"
                    type="radio"
                    value="OPN2004A.bpkg"
                  />
                  <label
                    class="ons-radio__label "
                    for="install-OPN2004A.bpkg"
                  >
                    OPN2004A.bpkg
                  </label>
                </span>
              </p>
              <br />
              <p
                class="ons-radios__item"
              >
                <span
                  class="ons-radio"
                >
                  <input
                    aria-label="No"
                    class="ons-radio__input ons-js-radio "
                    id="install-LMS2101_BK2.bpkg"
                    name="select-survey"
                    type="radio"
                    value="LMS2101_BK2.bpkg"
                  />
                  <label
                    class="ons-radio__label "
                    for="install-LMS2101_BK2.bpkg"
                  >
                    LMS2101_BK2.bpkg
                  </label>
                </span>
              </p>
              <br />
            </div>
          </fieldset>
          <br />
          <button
            class="ons-btn "
            data-testid="button"
            id="confirm-install"
            type="button"
          >
            <span
              class="ons-btn__inner"
            >
              Install selected questionnaire
            </span>
          </button>
        </form>
      </div>
    </main>
  </div>,
  "debug": [Function],
  "findAllByAltText": [Function],
  "findAllByDisplayValue": [Function],
  "findAllByLabelText": [Function],
  "findAllByPlaceholderText": [Function],
  "findAllByRole": [Function],
  "findAllByTestId": [Function],
  "findAllByText": [Function],
  "findAllByTitle": [Function],
  "findByAltText": [Function],
  "findByDisplayValue": [Function],
  "findByLabelText": [Function],
  "findByPlaceholderText": [Function],
  "findByRole": [Function],
  "findByTestId": [Function],
  "findByText": [Function],
  "findByTitle": [Function],
  "getAllByAltText": [Function],
  "getAllByDisplayValue": [Function],
  "getAllByLabelText": [Function],
  "getAllByPlaceholderText": [Function],
  "getAllByRole": [Function],
  "getAllByTestId": [Function],
  "getAllByText": [Function],
  "getAllByTitle": [Function],
  "getByAltText": [Function],
  "getByDisplayValue": [Function],
  "getByLabelText": [Function],
  "getByPlaceholderText": [Function],
  "getByRole": [Function],
  "getByTestId": [Function],
  "getByText": [Function],
  "getByTitle": [Function],
  "queryAllByAltText": [Function],
  "queryAllByDisplayValue": [Function],
  "queryAllByLabelText": [Function],
  "queryAllByPlaceholderText": [Function],
  "queryAllByRole": [Function],
  "queryAllByTestId": [Function],
  "queryAllByText": [Function],
  "queryAllByTitle": [Function],
  "queryByAltText": [Function],
  "queryByDisplayValue": [Function],
  "queryByLabelText": [Function],
  "queryByPlaceholderText": [Function],
  "queryByRole": [Function],
  "queryByTestId": [Function],
  "queryByText": [Function],
  "queryByTitle": [Function],
  "rerender": [Function],
  "unmount": [Function],
}
`;
