// Jest Snapshot v1, https://goo.gl/fbAQLP

exports[`Blaise Status page view Blaise Status page matches Snapshot 1`] = `
Object {
  "asFragment": [Function],
  "baseElement": <body>
    <div>
      <p>
        <a
          href="/"
        >
          Previous
        </a>
      </p>
      <h1>
        Blaise connection status
      </h1>
      <dl
        aria-label="Status information for connections to Blaise"
        class="metadata metadata__list grid grid--gutterless u-cf u-mb-l"
        title="Status information for connections to Blaise"
      >
        <dt
          class="metadata__term grid__col col-5@m"
        >
          Connection model
          :
        </dt>
        <dd
          class="metadata__value grid__col col-7@m"
        >
          <span
            class="status status--success"
          >
            OK
          </span>
        </dd>
        <dt
          class="metadata__term grid__col col-5@m"
        >
          Blaise connection
          :
        </dt>
        <dd
          class="metadata__value grid__col col-7@m"
        >
          <span
            class="status status--success"
          >
            OK
          </span>
        </dd>
        <dt
          class="metadata__term grid__col col-5@m"
        >
          Remote data server connection
          :
        </dt>
        <dd
          class="metadata__value grid__col col-7@m"
        >
          <span
            class="status status--success"
          >
            OK
          </span>
        </dd>
        <dt
          class="metadata__term grid__col col-5@m"
        >
          Remote Cati management connection
          :
        </dt>
        <dd
          class="metadata__value grid__col col-7@m"
        >
          <span
            class="status status--success"
          >
            OK
          </span>
        </dd>
      </dl>
    </div>
  </body>,
  "container": <div>
    <p>
      <a
        href="/"
      >
        Previous
      </a>
    </p>
    <h1>
      Blaise connection status
    </h1>
    <dl
      aria-label="Status information for connections to Blaise"
      class="metadata metadata__list grid grid--gutterless u-cf u-mb-l"
      title="Status information for connections to Blaise"
    >
      <dt
        class="metadata__term grid__col col-5@m"
      >
        Connection model
        :
      </dt>
      <dd
        class="metadata__value grid__col col-7@m"
      >
        <span
          class="status status--success"
        >
          OK
        </span>
      </dd>
      <dt
        class="metadata__term grid__col col-5@m"
      >
        Blaise connection
        :
      </dt>
      <dd
        class="metadata__value grid__col col-7@m"
      >
        <span
          class="status status--success"
        >
          OK
        </span>
      </dd>
      <dt
        class="metadata__term grid__col col-5@m"
      >
        Remote data server connection
        :
      </dt>
      <dd
        class="metadata__value grid__col col-7@m"
      >
        <span
          class="status status--success"
        >
          OK
        </span>
      </dd>
      <dt
        class="metadata__term grid__col col-5@m"
      >
        Remote Cati management connection
        :
      </dt>
      <dd
        class="metadata__value grid__col col-7@m"
      >
        <span
          class="status status--success"
        >
          OK
        </span>
      </dd>
    </dl>
  </div>,
  "debug": [Function],
  "findAllByAltText": [Function],
  "findAllByDisplayValue": [Function],
  "findAllByLabelText": [Function],
  "findAllByPlaceholderText": [Function],
  "findAllByRole": [Function],
  "findAllByTestId": [Function],
  "findAllByText": [Function],
  "findAllByTitle": [Function],
  "findByAltText": [Function],
  "findByDisplayValue": [Function],
  "findByLabelText": [Function],
  "findByPlaceholderText": [Function],
  "findByRole": [Function],
  "findByTestId": [Function],
  "findByText": [Function],
  "findByTitle": [Function],
  "getAllByAltText": [Function],
  "getAllByDisplayValue": [Function],
  "getAllByLabelText": [Function],
  "getAllByPlaceholderText": [Function],
  "getAllByRole": [Function],
  "getAllByTestId": [Function],
  "getAllByText": [Function],
  "getAllByTitle": [Function],
  "getByAltText": [Function],
  "getByDisplayValue": [Function],
  "getByLabelText": [Function],
  "getByPlaceholderText": [Function],
  "getByRole": [Function],
  "getByTestId": [Function],
  "getByText": [Function],
  "getByTitle": [Function],
  "queryAllByAltText": [Function],
  "queryAllByDisplayValue": [Function],
  "queryAllByLabelText": [Function],
  "queryAllByPlaceholderText": [Function],
  "queryAllByRole": [Function],
  "queryAllByTestId": [Function],
  "queryAllByText": [Function],
  "queryAllByTitle": [Function],
  "queryByAltText": [Function],
  "queryByDisplayValue": [Function],
  "queryByLabelText": [Function],
  "queryByPlaceholderText": [Function],
  "queryByRole": [Function],
  "queryByTestId": [Function],
  "queryByText": [Function],
  "queryByTitle": [Function],
  "rerender": [Function],
  "unmount": [Function],
}
`;

exports[`React homepage view Blaise Status page matches Snapshot 1`] = `
Object {
  "asFragment": [Function],
  "baseElement": <body>
    <div>
      <p>
        <a
          href="/"
        >
          Previous
        </a>
      </p>
      <h1>
        Blaise connection status
      </h1>
      <dl
        aria-label="Status information for connections to Blaise"
        class="metadata metadata__list grid grid--gutterless u-cf u-mb-l"
        title="Status information for connections to Blaise"
      >
        <dt
          class="metadata__term grid__col col-5@m"
        >
          Connection model
          :
        </dt>
        <dd
          class="metadata__value grid__col col-7@m"
        >
          <span
            class="status status--success"
          >
            OK
          </span>
        </dd>
        <dt
          class="metadata__term grid__col col-5@m"
        >
          Blaise connection
          :
        </dt>
        <dd
          class="metadata__value grid__col col-7@m"
        >
          <span
            class="status status--success"
          >
            OK
          </span>
        </dd>
        <dt
          class="metadata__term grid__col col-5@m"
        >
          Remote data server connection
          :
        </dt>
        <dd
          class="metadata__value grid__col col-7@m"
        >
          <span
            class="status status--success"
          >
            OK
          </span>
        </dd>
        <dt
          class="metadata__term grid__col col-5@m"
        >
          Remote Cati management connection
          :
        </dt>
        <dd
          class="metadata__value grid__col col-7@m"
        >
          <span
            class="status status--success"
          >
            OK
          </span>
        </dd>
      </dl>
    </div>
  </body>,
  "container": <div>
    <p>
      <a
        href="/"
      >
        Previous
      </a>
    </p>
    <h1>
      Blaise connection status
    </h1>
    <dl
      aria-label="Status information for connections to Blaise"
      class="metadata metadata__list grid grid--gutterless u-cf u-mb-l"
      title="Status information for connections to Blaise"
    >
      <dt
        class="metadata__term grid__col col-5@m"
      >
        Connection model
        :
      </dt>
      <dd
        class="metadata__value grid__col col-7@m"
      >
        <span
          class="status status--success"
        >
          OK
        </span>
      </dd>
      <dt
        class="metadata__term grid__col col-5@m"
      >
        Blaise connection
        :
      </dt>
      <dd
        class="metadata__value grid__col col-7@m"
      >
        <span
          class="status status--success"
        >
          OK
        </span>
      </dd>
      <dt
        class="metadata__term grid__col col-5@m"
      >
        Remote data server connection
        :
      </dt>
      <dd
        class="metadata__value grid__col col-7@m"
      >
        <span
          class="status status--success"
        >
          OK
        </span>
      </dd>
      <dt
        class="metadata__term grid__col col-5@m"
      >
        Remote Cati management connection
        :
      </dt>
      <dd
        class="metadata__value grid__col col-7@m"
      >
        <span
          class="status status--success"
        >
          OK
        </span>
      </dd>
    </dl>
  </div>,
  "debug": [Function],
  "findAllByAltText": [Function],
  "findAllByDisplayValue": [Function],
  "findAllByLabelText": [Function],
  "findAllByPlaceholderText": [Function],
  "findAllByRole": [Function],
  "findAllByTestId": [Function],
  "findAllByText": [Function],
  "findAllByTitle": [Function],
  "findByAltText": [Function],
  "findByDisplayValue": [Function],
  "findByLabelText": [Function],
  "findByPlaceholderText": [Function],
  "findByRole": [Function],
  "findByTestId": [Function],
  "findByText": [Function],
  "findByTitle": [Function],
  "getAllByAltText": [Function],
  "getAllByDisplayValue": [Function],
  "getAllByLabelText": [Function],
  "getAllByPlaceholderText": [Function],
  "getAllByRole": [Function],
  "getAllByTestId": [Function],
  "getAllByText": [Function],
  "getAllByTitle": [Function],
  "getByAltText": [Function],
  "getByDisplayValue": [Function],
  "getByLabelText": [Function],
  "getByPlaceholderText": [Function],
  "getByRole": [Function],
  "getByTestId": [Function],
  "getByText": [Function],
  "getByTitle": [Function],
  "queryAllByAltText": [Function],
  "queryAllByDisplayValue": [Function],
  "queryAllByLabelText": [Function],
  "queryAllByPlaceholderText": [Function],
  "queryAllByRole": [Function],
  "queryAllByTestId": [Function],
  "queryAllByText": [Function],
  "queryAllByTitle": [Function],
  "queryByAltText": [Function],
  "queryByDisplayValue": [Function],
  "queryByLabelText": [Function],
  "queryByPlaceholderText": [Function],
  "queryByRole": [Function],
  "queryByTestId": [Function],
  "queryByText": [Function],
  "queryByTitle": [Function],
  "rerender": [Function],
  "unmount": [Function],
}
`;
