// Jest Snapshot v1, https://goo.gl/fbAQLP

exports[`Upload Page select file page matches Snapshot 1`] = `
Object {
  "asFragment": [Function],
  "baseElement": <body>
    <div>
      <a
        href="/"
      >
        Previous
      </a>
      <h1
        class="u-mt-s"
      >
        Deploy a questionnaire file
      </h1>
      <div
        class="panel panel--info panel--no-title  u-mt-m"
      >
        <div
          class="panel__body"
        >
          <p>
            When a questionnaire file is selected and you continue to deploy this questionnaire file, 
            <b>
              this may take a few minutes
            </b>
            .
            <br />
            <br />
            Given this, 
            <b>
              do not navigate away
            </b>
             from this page during this process. You will be re-directed when there is an update regarding the deploy of the questionnaire.
          </p>
        </div>
      </div>
      <div
        class="field"
      >
        <p
          class="field"
        >
          <label
            class="label"
            for="survey-selector"
          >
            Select survey package
            <br />
            <span
              class="label__description"
            >
              File type accepted are .bpkg and .zip only
            </span>
          </label>
          <input
            accept=".zip,.bpkg"
            class="input input--text input-type__input input--upload"
            id="survey-selector"
            name="Package"
            style="position: static;"
            type="file"
          />
        </p>
      </div>
      <button
        class="btn "
        data-testid="button"
        id="continue-deploy-button"
        type="button"
      >
        <span
          class="btn__inner"
        >
          Continue
        </span>
      </button>
    </div>
  </body>,
  "container": <div>
    <a
      href="/"
    >
      Previous
    </a>
    <h1
      class="u-mt-s"
    >
      Deploy a questionnaire file
    </h1>
    <div
      class="panel panel--info panel--no-title  u-mt-m"
    >
      <div
        class="panel__body"
      >
        <p>
          When a questionnaire file is selected and you continue to deploy this questionnaire file, 
          <b>
            this may take a few minutes
          </b>
          .
          <br />
          <br />
          Given this, 
          <b>
            do not navigate away
          </b>
           from this page during this process. You will be re-directed when there is an update regarding the deploy of the questionnaire.
        </p>
      </div>
    </div>
    <div
      class="field"
    >
      <p
        class="field"
      >
        <label
          class="label"
          for="survey-selector"
        >
          Select survey package
          <br />
          <span
            class="label__description"
          >
            File type accepted are .bpkg and .zip only
          </span>
        </label>
        <input
          accept=".zip,.bpkg"
          class="input input--text input-type__input input--upload"
          id="survey-selector"
          name="Package"
          style="position: static;"
          type="file"
        />
      </p>
    </div>
    <button
      class="btn "
      data-testid="button"
      id="continue-deploy-button"
      type="button"
    >
      <span
        class="btn__inner"
      >
        Continue
      </span>
    </button>
  </div>,
  "debug": [Function],
  "findAllByAltText": [Function],
  "findAllByDisplayValue": [Function],
  "findAllByLabelText": [Function],
  "findAllByPlaceholderText": [Function],
  "findAllByRole": [Function],
  "findAllByTestId": [Function],
  "findAllByText": [Function],
  "findAllByTitle": [Function],
  "findByAltText": [Function],
  "findByDisplayValue": [Function],
  "findByLabelText": [Function],
  "findByPlaceholderText": [Function],
  "findByRole": [Function],
  "findByTestId": [Function],
  "findByText": [Function],
  "findByTitle": [Function],
  "getAllByAltText": [Function],
  "getAllByDisplayValue": [Function],
  "getAllByLabelText": [Function],
  "getAllByPlaceholderText": [Function],
  "getAllByRole": [Function],
  "getAllByTestId": [Function],
  "getAllByText": [Function],
  "getAllByTitle": [Function],
  "getByAltText": [Function],
  "getByDisplayValue": [Function],
  "getByLabelText": [Function],
  "getByPlaceholderText": [Function],
  "getByRole": [Function],
  "getByTestId": [Function],
  "getByText": [Function],
  "getByTitle": [Function],
  "queryAllByAltText": [Function],
  "queryAllByDisplayValue": [Function],
  "queryAllByLabelText": [Function],
  "queryAllByPlaceholderText": [Function],
  "queryAllByRole": [Function],
  "queryAllByTestId": [Function],
  "queryAllByText": [Function],
  "queryAllByTitle": [Function],
  "queryByAltText": [Function],
  "queryByDisplayValue": [Function],
  "queryByLabelText": [Function],
  "queryByPlaceholderText": [Function],
  "queryByRole": [Function],
  "queryByTestId": [Function],
  "queryByText": [Function],
  "queryByTitle": [Function],
  "rerender": [Function],
  "unmount": [Function],
}
`;
